main.c:132:6:airspeed	16	static
main.c:141:6:monitor_BAT	16	static
main.c:148:6:HMC5883LInit	24	static
main.c:160:7:bacaheading	16	static
main.c:177:6:GetHMC5893L	8	static
main.c:182:6:get_IMU	32	static
main.c:208:6:IMUInit	32	static
main.c:246:6:BMPinit	40	static
main.c:280:6:get_BMP280	32	static
main.c:290:6:gps_parse	40	static
main.c:343:6:kirimGCS	32	static
main.c:351:6:initPWM_DATA	24	static
main.c:357:6:RemoteInit	16	static
main.c:376:6:setPWM_DATA	16	static
main.c:402:6:modefly	16	static
main.c:429:5:main	8	static
main.c:500:6:SystemClock_Config	88	static
main.c:544:13:MX_ADC1_Init	24	static
main.c:594:13:MX_ADC2_Init	24	static
main.c:644:13:MX_I2C1_Init	8	static
main.c:678:13:MX_I2C3_Init	8	static
main.c:712:13:MX_TIM3_Init	32	static
main.c:764:13:MX_TIM4_Init	32	static
main.c:812:13:MX_TIM5_Init	32	static
main.c:860:13:MX_TIM6_Init	16	static
main.c:898:13:MX_TIM9_Init	24	static
main.c:939:13:MX_UART4_Init	8	static
main.c:972:13:MX_USART1_UART_Init	8	static
main.c:1005:13:MX_USART2_UART_Init	8	static
main.c:1036:13:MX_DMA_Init	16	static
main.c:1057:13:MX_GPIO_Init	56	static
main.c:1078:6:HAL_UART_RxCpltCallback	32	static
main.c:1109:6:HAL_TIM_IC_CaptureCallback	24	static
main.c:1136:6:HAL_GPIO_EXTI_Callback	16	static
main.c:1159:6:Error_Handler	4	static
